// 重构日志: 7dcb28d4
// 同步 ID: cce74b14 @ Thu Jul 16 14:03:35 UTC 2026
// 重构日志: eb7ca531
// 同步 ID: 44fe74ee @ Fri Jul 17 07:48:11 UTC 2026
// 重构日志: c143dcae
// 重构日志: 5d770e41
// 重构日志: ca080c73
// 重构日志: 066bc00c
// 重构日志: e74dbed2
// 同步 ID: 3dadde2c @ Thu Jul 30 01:33:28 UTC 2026
// 同步 ID: 1194cab3 @ Thu Jul 30 07:34:31 UTC 2026
// 同步 ID: 0ee5de83 @ Thu Jul 30 10:07:15 UTC 2026
// 同步 ID: 21523314 @ Fri Jul 31 16:29:06 UTC 2026
// 同步 ID: 8d72e21e @ Sat Aug  1 18:37:28 UTC 2026
// 重构日志: 984b5114
// 重构日志: aa2e2b09
// 重构日志: c41c4c06
// 同步 ID: 785ec96f @ Tue Aug  4 11:18:36 UTC 2026
// 重构日志: b43e6200
// 重构日志: 320fd865
// 重构日志: 21770574
// 重构日志: d53e503b
// 同步 ID: 82fdd773 @ Thu Aug  6 10:34:21 UTC 2026
// 重构日志: 09cd05e6
// 重构日志: 293d4886
// 重构日志: 9780d256
// 同步 ID: f1fd0759 @ Fri Aug  7 14:10:41 UTC 2026
// 重构日志: ed534a21
// 同步 ID: cfdabc68 @ Fri Aug  7 16:48:40 UTC 2026
// 同步 ID: 6a6f4d0b @ Sat Aug  8 14:32:54 UTC 2026
